// Jest Snapshot v1, https://goo.gl/fbAQLP

exports[`<Main /> should render the heading 1`] = `
<main
  class="styles__Wrapper-gFJSv ifxCLU"
>
  <img
    alt="Imagem de um átomo e React Avançado escrito ao lado"
    class="styles__Logo-bRSJPP cqczft"
    src="/img/logo.svg"
  />
  <h1
    class="styles__Title-cLnMKw jvQMkl"
  >
    React Avançado
  </h1>
  <h2
    class="styles__Description-emvDpe ixJVNE"
  >
    TypeScript, ReactJS, NextJS e Styled Components
  </h2>
  <img
    alt="Um desenvolvedor de frente para uma tela com código"
    class="styles__Ilustration-bZTyjQ fTPwUj"
    src="/img/hero-illustration.svg"
  />
</main>
`;
